#-----------------------------------------------------------
# Vivado v2024.2 (64-bit)
# SW Build 5239630 on Fri Nov 08 22:34:34 MST 2024
# IP Build 5239520 on Sun Nov 10 16:12:51 MST 2024
# SharedData Build 5239561 on Fri Nov 08 14:39:27 MST 2024
# Start of session at: Fri Oct 24 21:58:42 2025
# Process ID         : 5540
# Current directory  : /home/dipen/Downloads/neorv32-setups-main/vivado/basys3-block-design-setup
# Command line       : vivado
# Log file           : /home/dipen/Downloads/neorv32-setups-main/vivado/basys3-block-design-setup/vivado.log
# Journal file       : /home/dipen/Downloads/neorv32-setups-main/vivado/basys3-block-design-setup/vivado.jou
# Running On         : dipen-ubuntu-mate
# Platform           : Ubuntu
# Operating System   : Ubuntu 24.04.2 LTS
# Processor Detail   : 13th Gen Intel(R) Core(TM) i7-13700
# CPU Frequency      : 4480.475 MHz
# CPU Physical cores : 16
# CPU Logical cores  : 24
# Host memory        : 33394 MB
# Swap memory        : 8589 MB
# Total Virtual      : 41984 MB
# Available Virtual  : 39673 MB
#-----------------------------------------------------------
start_gui
source /home/dipen/Downloads/neorv32-setups-main/vivado/basys3-block-design-setup/windows_build.tcl
update_compile_order -fileset sources_1
launch_runs impl_1 -to_step write_bitstream -jobs 24
wait_on_run impl_1
open_hw_manager
connect_hw_server -allow_non_jtag
open_hw_target
set_property PROGRAM.FILE {/home/dipen/Downloads/neorv32-setups-main/vivado/basys3-block-design-setup/neorv32_project/neorv32_project.runs/impl_1/design_1_wrapper.bit} [get_hw_devices xc7a35t_0]
current_hw_device [get_hw_devices xc7a35t_0]
refresh_hw_device -update_hw_probes false [lindex [get_hw_devices xc7a35t_0] 0]
set_property PROBES.FILE {} [get_hw_devices xc7a35t_0]
set_property FULL_PROBES.FILE {} [get_hw_devices xc7a35t_0]
set_property PROGRAM.FILE {/home/dipen/Downloads/neorv32-setups-main/vivado/basys3-block-design-setup/neorv32_project/neorv32_project.runs/impl_1/design_1_wrapper.bit} [get_hw_devices xc7a35t_0]
program_hw_devices [get_hw_devices xc7a35t_0]
refresh_hw_device [lindex [get_hw_devices xc7a35t_0] 0]
set_property PROBES.FILE {} [get_hw_devices xc7a35t_0]
set_property FULL_PROBES.FILE {} [get_hw_devices xc7a35t_0]
set_property PROGRAM.FILE {/home/dipen/Downloads/neorv32-setups-main/vivado/basys3-block-design-setup/neorv32_project/neorv32_project.runs/impl_1/design_1_wrapper.bit} [get_hw_devices xc7a35t_0]
program_hw_devices [get_hw_devices xc7a35t_0]
refresh_hw_device [lindex [get_hw_devices xc7a35t_0] 0]
source /home/dipen/Downloads/neorv32-7349c409eea4e129d5d11b6ecbcfaea76c470709/rtl/system_integration/neorv32_vivado_ip.tcl
current_project neorv32_project
close_project
